Float value `-inf` is infinite; cannot convert to Int
