Float value `NaN` is not a number; cannot convert to Int
